Warp 1.17.0 initialized:
   CUDA Toolkit 12.9, Driver 13.4
   Devices:
     "cpu"      : "CPU"
     "cuda:0"   : "NVIDIA RTX PRO 6000 Blackwell Workstation Edition" (95 GiB, sm_120, mempool enabled)
     "cuda:1"   : "NVIDIA RTX PRO 6000 Blackwell Workstation Edition" (95 GiB, sm_120, mempool enabled)
   CUDA peer access:
     Supported fully (all-directional)
   Kernel cache:
     /home/johnny/Projects/blog3-benchmark-20261008/.warp-cache/1.17.0
Module reset_data__locals__reset_xfrc_applied_cacc570d cacc570 load on device 'cuda:1' took 0.30 ms  (cached)
Module reset_data__locals__reset_M_b96df643 b96df64 load on device 'cuda:1' took 0.22 ms  (cached)
Module reset_data__locals__reset_mocap_f80f6b04 f80f6b0 load on device 'cuda:1' took 0.20 ms  (cached)
Module reset_data__locals__reset_contact_594515fd 594515f load on device 'cuda:1' took 0.20 ms  (cached)
Module reset_data__locals__reset_sleep_5f27666f 5f27666 load on device 'cuda:1' took 0.19 ms  (cached)
Module reset_data__locals__reset_nworld_1416833c 1416833 load on device 'cuda:1' took 0.25 ms  (cached)
Module __main__ a20b2b6 load on device 'cuda:1' took 0.23 ms  (cached)
Module mujoco_warp._src.smooth d04e5a7 load on device 'cuda:1' took 2.37 ms  (cached)
Module _nxn_broadphase__locals__kernel_04e59282 04e5928 load on device 'cuda:1' took 0.26 ms  (cached)
Module ccd_kernel_builder__locals__ccd_kernel_e65a44b9 e65a44b load on device 'cuda:1' took 0.95 ms  (cached)
Module ccd_kernel_builder__locals__ccd_kernel_e65a44b9 cb9939c load on device 'cuda:1' took 0.71 ms  (cached)
Module ccd_kernel_builder__locals__ccd_kernel_a4e145aa a4e145a load on device 'cuda:1' took 0.90 ms  (cached)
Module ccd_kernel_builder__locals__ccd_kernel_a4e145aa bce09a6 load on device 'cuda:1' took 0.68 ms  (cached)
Module ccd_kernel_builder__locals__ccd_kernel_f8de6ce7 f8de6ce load on device 'cuda:1' took 0.97 ms  (cached)
Module ccd_kernel_builder__locals__ccd_kernel_f8de6ce7 01a61b9 load on device 'cuda:1' took 0.70 ms  (cached)
Module _primitive_narrowphase__locals__primitive_narrowphase_81daf067 81daf06 load on device 'cuda:1' took 0.40 ms  (cached)
Module mujoco_warp._src.constraint 8d4d513 load on device 'cuda:1' took 0.23 ms  (cached)
Module _equality_joint__locals__kernel_f6d7d60f f6d7d60 load on device 'cuda:1' took 0.30 ms  (cached)
Module _friction_dof__locals__kernel_22ded5f6 22ded5f load on device 'cuda:1' took 0.28 ms  (cached)
Module _limit_slide_hinge__locals__kernel_24a318de 24a318d load on device 'cuda:1' took 0.28 ms  (cached)
Module _efc_contact_init__locals__kernel_54f1cc8c 54f1cc8 load on device 'cuda:1' took 0.27 ms  (cached)
Module _efc_contact_jac_dense__locals__kernel_6b457580 747ee66 load on device 'cuda:1' took 0.32 ms  (cached)
Module _efc_contact_update__locals__kernel_212e1c0a 212e1c0 load on device 'cuda:1' took 0.27 ms  (cached)
Module mujoco_warp._src.forward 4b55789 load on device 'cuda:1' took 0.50 ms  (cached)
Module mujoco_warp._src.passive 80f3681 load on device 'cuda:1' took 0.77 ms  (cached)
Module mujoco_warp._src.forward a1745d1 load on device 'cuda:1' took 0.48 ms  (cached)
Module _qfrc_smooth__locals__kernel_8b823980 8b82398 load on device 'cuda:1' took 0.25 ms  (cached)
Module mujoco_warp._src.support a59a7bc load on device 'cuda:1' took 0.25 ms  (cached)
Module _tile_cholesky_factorize_solve_block__locals__kernel_5e87e26e b8fb111 load on device 'cuda:1' took 23.02 ms  (cached)
Module _tile_cholesky_factorize_solve_block__locals__kernel_379cda95 6fb4a35 load on device 'cuda:1' took 22.06 ms  (cached)
Module _solve_init_dof__locals__kernel_021c7a0e 021c7a0 load on device 'cuda:1' took 0.28 ms  (cached)
Module mujoco_warp._src.solver 357f443 load on device 'cuda:1' took 0.48 ms  (cached)
Module _solve_init_jaref_kernel__locals__kernel_08e3c594 08e3c59 load on device 'cuda:1' took 0.27 ms  (cached)
Module mul_m_kernel__locals___mul_m_f3de1cc7 f3de1cc load on device 'cuda:1' took 0.31 ms  (cached)
Module _update_constraint_efc__locals__kernel_0539aa50 0539aa5 load on device 'cuda:1' took 0.28 ms  (cached)
Module _update_constraint_init_qfrc_constraint_dense__locals__kernel_bd7ca2ec bd7ca2e load on device 'cuda:1' took 0.26 ms  (cached)
Module _update_gradient_zero_grad_dot__locals__kernel_b20934d7 b20934d load on device 'cuda:1' took 0.26 ms  (cached)
Module _update_gradient_grad__locals__kernel_c876081d c876081 load on device 'cuda:1' took 0.24 ms  (cached)
Module _update_gradient_JTDAJ_dense_tiled__locals__kernel_7041bf88 0190b6f load on device 'cuda:1' took 0.58 ms  (cached)
Module _update_gradient_cholesky__locals__kernel_9d6fb54d ae85ed6 load on device 'cuda:1' took 22.99 ms  (cached)
Module _linesearch_iterative_kernel__locals__kernel_2d893bc5 60ea4d1 load on device 'cuda:1' took 0.46 ms  (cached)
Module _solve_done__locals__kernel_0c4a4b4d 0c4a4b4 load on device 'cuda:1' took 0.29 ms  (cached)
Module mujoco_warp._src.sensor 830d16a load on device 'cuda:1' took 0.68 ms  (cached)
Module _next_time_builder__locals___next_time_f604e0b3 f604e0b load on device 'cuda:1' took 0.29 ms  (cached)
{"status": "complete", "median_simulation_seconds": 0.6468847770011052, "world_steps_per_second": 24758.659608977992}
