Warp 1.15.0 initialized:
   CUDA Toolkit 12.9, Driver 13.4
   Devices:
     "cpu"      : "CPU"
     "cuda:0"   : "NVIDIA RTX PRO 6000 Blackwell Workstation Edition" (95 GiB, sm_120, mempool enabled)
     "cuda:1"   : "NVIDIA RTX PRO 6000 Blackwell Workstation Edition" (95 GiB, sm_120, mempool enabled)
   CUDA peer access:
     Supported fully (all-directional)
   Kernel cache:
     /home/johnny/Projects/blogs-full-sweep-20261008/article2-warp-cache/1.15.0
Module reset_data__locals__reset_xfrc_applied_250af49a 250af49 load on device 'cuda:1' took 0.27 ms  (cached)
Module reset_data__locals__reset_qM_16cffc72 16cffc7 load on device 'cuda:1' took 0.21 ms  (cached)
Module reset_data__locals__reset_mocap_50728498 5072849 load on device 'cuda:1' took 0.20 ms  (cached)
Module reset_data__locals__reset_contact_b928b503 b928b50 load on device 'cuda:1' took 0.19 ms  (cached)
Module reset_data__locals__reset_nworld_67644cc4 67644cc load on device 'cuda:1' took 0.25 ms  (cached)
Module __main__ aa9828e load on device 'cuda:1' took 0.23 ms  (cached)
Module mujoco_warp._src.smooth 075317a load on device 'cuda:1' took 2.46 ms  (cached)
Module mujoco_warp._src.collision_driver adba295 load on device 'cuda:1' took 0.25 ms  (cached)
Module _nxn_broadphase__locals__kernel_70bd807f 70bd807 load on device 'cuda:1' took 0.24 ms  (cached)
Module ccd_kernel_builder__locals__ccd_kernel_72468095 7246809 load on device 'cuda:1' took 0.87 ms  (cached)
Module ccd_kernel_builder__locals__ccd_kernel_264a25cb 264a25c load on device 'cuda:1' took 0.79 ms  (cached)
Module ccd_kernel_builder__locals__ccd_kernel_3842c73a 3842c73 load on device 'cuda:1' took 0.75 ms  (cached)
Module _primitive_narrowphase__locals__primitive_narrowphase_5f49f3fe 5f49f3f load on device 'cuda:1' took 0.34 ms  (cached)
Module mujoco_warp._src.constraint 74774a2 load on device 'cuda:1' took 0.70 ms  (cached)
Module _efc_contact_init__locals__kernel_ee7db883 ee7db88 load on device 'cuda:1' took 0.26 ms  (cached)
Module _efc_contact_jac_dense__locals__kernel_ae632932 a5933cd load on device 'cuda:1' took 0.31 ms  (cached)
Module _efc_contact_update__locals__kernel_e54acee6 e54acee load on device 'cuda:1' took 0.26 ms  (cached)
Module mujoco_warp._src.forward 38725d0 load on device 'cuda:1' took 0.65 ms  (cached)
Module mujoco_warp._src.passive 0eb070f load on device 'cuda:1' took 0.37 ms  (cached)
Module mujoco_warp._src.forward ce7cd41 load on device 'cuda:1' took 0.77 ms  (cached)
Module mujoco_warp._src.support ca784c5 load on device 'cuda:1' took 0.24 ms  (cached)
Module _tile_cholesky_factorize_solve__locals__cholesky_factorize_solve_caece2d8 ce1f406 load on device 'cuda:1' took 57.87 ms  (cached)
Module _tile_cholesky_factorize_solve__locals__cholesky_factorize_solve_f3779eaf 4dae87b load on device 'cuda:1' took 58.31 ms  (cached)
Module mujoco_warp._src.solver 59308bb load on device 'cuda:1' took 0.63 ms  (cached)
Module solve_init_jaref__locals__kernel_9b42df3f 9b42df3 load on device 'cuda:1' took 0.29 ms  (cached)
Module mul_m_dense__locals___mul_m_dense_eb785ea8 eb785ea load on device 'cuda:1' took 0.31 ms  (cached)
Module update_constraint_efc__locals__kernel_841b0e9f 841b0e9 load on device 'cuda:1' took 0.27 ms  (cached)
Module update_constraint_gauss_cost__locals__kernel_65071eaa 65071ea load on device 'cuda:1' took 0.26 ms  (cached)
Module update_gradient_JTDAJ_dense_tiled__locals__kernel_c54d3482 1399113 load on device 'cuda:1' took 0.54 ms  (cached)
Module update_gradient_cholesky__locals__kernel_f60fcf2d ef0b739 load on device 'cuda:1' took 59.99 ms  (cached)
Module linesearch_iterative__locals__kernel_585cafef 66065f5 load on device 'cuda:1' took 0.47 ms  (cached)
Module mujoco_warp._src.sensor 73a7567 load on device 'cuda:1' took 0.73 ms  (cached)
Module _tile_euler_dense__locals__euler_dense_cf35d0f8 b521526 load on device 'cuda:1' took 60.74 ms  (cached)
Module _tile_euler_dense__locals__euler_dense_5852fde0 42e5486 load on device 'cuda:1' took 61.15 ms  (cached)
{"status": "complete", "median_simulation_seconds": 0.5295908789994428, "world_steps_per_second": 1890.1382929615243}
